client/src/pages/Dashboard.tsx(417,41): error TS2339: Property 'updatedAt' does not exist on type '{ id: number; cep: string; logradouro: string; numero: string; cidade: string; createdAt: Date; complemento: string | null; bairro: string; userId: number; companyId: number | null; status: string; ... 12 more ...; executionNotes: string | null; }'.
client/src/pages/Dashboard.tsx(417,71): error TS2339: Property 'updatedAt' does not exist on type '{ id: number; cep: string; logradouro: string; numero: string; cidade: string; createdAt: Date; complemento: string | null; bairro: string; userId: number; companyId: number | null; status: string; ... 12 more ...; executionNotes: string | null; }'.
