server/routes.ts(2339,26): error TS2769: No overload matches this call.
  Overload 1 of 3, '(column: Aliased<number | null>, values: SQLWrapper | (number | Placeholder<string, any> | null)[]): SQL<unknown>', gave the following error.
    Argument of type 'PgColumn<{ name: "id"; tableName: "technicians"; dataType: "number"; columnType: "PgSerial"; data: number; driverParam: number; notNull: true; hasDefault: true; isPrimaryKey: true; isAutoincrement: false; ... 4 more ...; generated: undefined; }, {}, {}>' is not assignable to parameter of type 'Aliased<number | null>'.
      Type 'PgColumn<{ name: "id"; tableName: "technicians"; dataType: "number"; columnType: "PgSerial"; data: number; driverParam: number; notNull: true; hasDefault: true; isPrimaryKey: true; isAutoincrement: false; ... 4 more ...; generated: undefined; }, {}, {}>' is missing the following properties from type 'Aliased<number | null>': sql, fieldAlias
  Overload 2 of 3, '(column: PgColumn<{ name: "id"; tableName: "technicians"; dataType: "number"; columnType: "PgSerial"; data: number; driverParam: number; notNull: true; hasDefault: true; isPrimaryKey: true; isAutoincrement: false; ... 4 more ...; generated: undefined; }, {}, {}>, values: SQLWrapper | (number | Placeholder<...>)[]): SQL<...>', gave the following error.
    Argument of type '(number | null)[]' is not assignable to parameter of type 'SQLWrapper | (number | Placeholder<string, any>)[]'.
      Type '(number | null)[]' is not assignable to type '(number | Placeholder<string, any>)[]'.
        Type 'number | null' is not assignable to type 'number | Placeholder<string, any>'.
          Type 'null' is not assignable to type 'number | Placeholder<string, any>'.
  Overload 3 of 3, '(column: never, values: SQLWrapper | unknown[]): SQL<unknown>', gave the following error.
    Argument of type 'PgColumn<{ name: "id"; tableName: "technicians"; dataType: "number"; columnType: "PgSerial"; data: number; driverParam: number; notNull: true; hasDefault: true; isPrimaryKey: true; isAutoincrement: false; ... 4 more ...; generated: undefined; }, {}, {}>' is not assignable to parameter of type 'never'.
server/routes.ts(2346,26): error TS2769: No overload matches this call.
  Overload 1 of 3, '(column: Aliased<number | null>, values: SQLWrapper | (number | Placeholder<string, any> | null)[]): SQL<unknown>', gave the following error.
    Argument of type 'PgColumn<{ name: "id"; tableName: "teams"; dataType: "number"; columnType: "PgSerial"; data: number; driverParam: number; notNull: true; hasDefault: true; isPrimaryKey: true; isAutoincrement: false; hasRuntimeDefault: false; enumValues: undefined; baseColumn: never; identity: undefined; generated: undefined; }, {}, ...' is not assignable to parameter of type 'Aliased<number | null>'.
      Type 'PgColumn<{ name: "id"; tableName: "teams"; dataType: "number"; columnType: "PgSerial"; data: number; driverParam: number; notNull: true; hasDefault: true; isPrimaryKey: true; isAutoincrement: false; hasRuntimeDefault: false; enumValues: undefined; baseColumn: never; identity: undefined; generated: undefined; }, {}, ...' is missing the following properties from type 'Aliased<number | null>': sql, fieldAlias
  Overload 2 of 3, '(column: PgColumn<{ name: "id"; tableName: "teams"; dataType: "number"; columnType: "PgSerial"; data: number; driverParam: number; notNull: true; hasDefault: true; isPrimaryKey: true; isAutoincrement: false; ... 4 more ...; generated: undefined; }, {}, {}>, values: SQLWrapper | (number | Placeholder<...>)[]): SQL<...>', gave the following error.
    Argument of type '(number | null)[]' is not assignable to parameter of type 'SQLWrapper | (number | Placeholder<string, any>)[]'.
      Type '(number | null)[]' is not assignable to type '(number | Placeholder<string, any>)[]'.
        Type 'number | null' is not assignable to type 'number | Placeholder<string, any>'.
          Type 'null' is not assignable to type 'number | Placeholder<string, any>'.
  Overload 3 of 3, '(column: never, values: SQLWrapper | unknown[]): SQL<unknown>', gave the following error.
    Argument of type 'PgColumn<{ name: "id"; tableName: "teams"; dataType: "number"; columnType: "PgSerial"; data: number; driverParam: number; notNull: true; hasDefault: true; isPrimaryKey: true; isAutoincrement: false; hasRuntimeDefault: false; enumValues: undefined; baseColumn: never; identity: undefined; generated: undefined; }, {}, ...' is not assignable to parameter of type 'never'.
server/storage.ts(624,35): error TS2339: Property 'isActive' does not exist on type 'PgTableWithColumns<{ name: "services"; schema: undefined; columns: { id: PgColumn<{ name: "id"; tableName: "services"; dataType: "number"; columnType: "PgSerial"; data: number; driverParam: number; notNull: true; hasDefault: true; ... 6 more ...; generated: undefined; }, {}, {}>; ... 8 more ...; createdAt: PgColumn<...'.
server/storage.ts(700,38): error TS2339: Property 'teamId' does not exist on type 'PgTableWithColumns<{ name: "technicians"; schema: undefined; columns: { id: PgColumn<{ name: "id"; tableName: "technicians"; dataType: "number"; columnType: "PgSerial"; data: number; driverParam: number; notNull: true; hasDefault: true; ... 6 more ...; generated: undefined; }, {}, {}>; ... 29 more ...; createdAt: Pg...'.
server/storage.ts(1074,8): error TS2769: No overload matches this call.
  Overload 1 of 2, '(value: { cep: string | SQL<unknown> | Placeholder<string, any>; logradouro: string | SQL<unknown> | Placeholder<string, any>; numero: string | SQL<unknown> | Placeholder<...>; ... 30 more ...; additionalValue?: string | ... 3 more ... | undefined; }): PgInsertBase<...>', gave the following error.
    Argument of type '{ userId: number; companyId: number; cep: string; logradouro: string; numero: string; serviceId: number; scheduledDate: Date; paymentType: "no_ato" | "antecipado"; cidade?: string | undefined; ... 22 more ...; additionalValue?: string | ... 2 more ... | undefined; }' is not assignable to parameter of type '{ cep: string | SQL<unknown> | Placeholder<string, any>; logradouro: string | SQL<unknown> | Placeholder<string, any>; numero: string | SQL<unknown> | Placeholder<...>; ... 30 more ...; additionalValue?: string | ... 3 more ... | undefined; }'.
      Types of property 'additionalValue' are incompatible.
        Type 'string | number | null | undefined' is not assignable to type 'string | SQL<unknown> | Placeholder<string, any> | null | undefined'.
          Type 'number' is not assignable to type 'string | SQL<unknown> | Placeholder<string, any> | null | undefined'.
  Overload 2 of 2, '(values: { cep: string | SQL<unknown> | Placeholder<string, any>; logradouro: string | SQL<unknown> | Placeholder<string, any>; numero: string | SQL<unknown> | Placeholder<...>; ... 30 more ...; additionalValue?: string | ... 3 more ... | undefined; }[]): PgInsertBase<...>', gave the following error.
    Object literal may only specify known properties, and 'userId' does not exist in type '{ cep: string | SQL<unknown> | Placeholder<string, any>; logradouro: string | SQL<unknown> | Placeholder<string, any>; numero: string | SQL<unknown> | Placeholder<...>; ... 30 more ...; additionalValue?: string | ... 3 more ... | undefined; }[]'.
server/storage.ts(1099,12): error TS2345: Argument of type '{ cep?: string | undefined; logradouro?: string | undefined; numero?: string | undefined; serviceId?: number | undefined; scheduledDate?: Date | undefined; paymentType?: "no_ato" | "antecipado" | undefined; ... 24 more ...; additionalValue?: string | ... 2 more ... | undefined; }' is not assignable to parameter of type '{ cep?: string | SQL<unknown> | PgColumn<ColumnBaseConfig<ColumnDataType, string>, {}, {}> | undefined; logradouro?: string | SQL<unknown> | PgColumn<...> | undefined; ... 31 more ...; additionalValue?: string | ... 3 more ... | undefined; }'.
  Types of property 'additionalValue' are incompatible.
    Type 'string | number | null | undefined' is not assignable to type 'string | SQL<unknown> | PgColumn<ColumnBaseConfig<ColumnDataType, string>, {}, {}> | null | undefined'.
      Type 'number' is not assignable to type 'string | SQL<unknown> | PgColumn<ColumnBaseConfig<ColumnDataType, string>, {}, {}> | null | undefined'.
